******************************************************************************
                  TI ARM Linker PC v20.2.7                     
******************************************************************************
>> Linked Sun Nov 24 20:29:30 2024

OUTPUT FILE NAME:   <LCD4.out>
ENTRY POINT SYMBOL: "_c_int00_noargs"  address: 000025e5


MEMORY CONFIGURATION

         name            origin    length      used     unused   attr    fill
----------------------  --------  ---------  --------  --------  ----  --------
  FLASH                 00000000   00040000  00002c4a  0003d3b6  R  X
  SRAM                  20000000   00008000  00000479  00007b87  RW X


SEGMENT ALLOCATION MAP

run origin  load origin   length   init length attrs members
----------  ----------- ---------- ----------- ----- -------
00000000    00000000    00002c50   00002c50    r-x
  00000000    00000000    0000026c   0000026c    r-- .intvecs
  0000026c    0000026c    0000246a   0000246a    r-x .text
  000026d8    000026d8    00000544   00000544    r-- .const
  00002c20    00002c20    00000030   00000030    r-- .cinit
20000000    20000000    0000047d   00000000    rw-
  20000000    20000000    0000026c   00000000    rw- .vtable
  20000270    20000270    00000200   00000000    rw- .stack
  20000470    20000470    0000000d   00000000    rw- .data


SECTION ALLOCATION MAP

 output                                  attributes/
section   page    origin      length       input sections
--------  ----  ----------  ----------   ----------------
.intvecs   0    00000000    0000026c     
                  00000000    0000026c     tm4c123gh6pm_startup_ccs.obj (.intvecs)

.text      0    0000026c    0000246a     
                  0000026c    00001efc     lcd.obj (.text)
                  00002168    00000184     main.obj (.text)
                  000022ec    0000009c     rtsv7M4_T_le_v4SPD16_eabi.lib : memcpy_t2.asm.obj (.text)
                  00002388    00000068     driverlib.lib : interrupt.obj (.text:IntDisable)
                  000023f0    00000068                   : interrupt.obj (.text:IntEnable)
                  00002458    00000068     rtsv7M4_T_le_v4SPD16_eabi.lib : copy_decompress_lzss.c.obj (.text:decompress:lzss:__TI_decompress_lzss)
                  000024c0    00000060     driverlib.lib : timer.obj (.text:TimerConfigure)
                  00002520    0000004c                   : timer.obj (.text:_TimerIntNumberGet)
                  0000256c    00000044     rtsv7M4_T_le_v4SPD16_eabi.lib : autoinit.c.obj (.text:__TI_auto_init_nobinit_nopinit:__TI_auto_init_nobinit_nopinit)
                  000025b0    00000034     driverlib.lib : interrupt.obj (.text:IntRegister)
                  000025e4    00000034     rtsv7M4_T_le_v4SPD16_eabi.lib : boot_cortex_m.c.obj (.text:_c_int00_noargs:_c_int00_noargs)
                  00002618    0000001c                                   : copy_zero_init.c.obj (.text:decompress:ZI:__TI_zero_init_nomemset:__TI_zero_init_nomemset)
                  00002634    00000018     driverlib.lib : timer.obj (.text:TimerIntRegister)
                  0000264c    00000014                   : interrupt.obj (.text:IntUnregister)
                  00002660    00000012                   : timer.obj (.text:TimerLoadSet)
                  00002672    00000010                   : interrupt.obj (.text:IntMasterEnable)
                  00002682    0000000e                   : timer.obj (.text:TimerEnable)
                  00002690    0000000e     rtsv7M4_T_le_v4SPD16_eabi.lib : copy_decompress_none.c.obj (.text:decompress:none:__TI_decompress_none)
                  0000269e    0000000c     driverlib.lib : cpu.obj (.text:CPUcpsie)
                  000026aa    0000000c     tm4c123gh6pm_startup_ccs.obj (.text)
                  000026b6    00000008     driverlib.lib : timer.obj (.text:TimerIntEnable)
                  000026be    00000006     lcd.obj (.text:SysCtlDelay)
                  000026c4    00000004     driverlib.lib : cpu.obj (.text:CPUwfi)
                  000026c8    00000004                   : timer.obj (.text:TimerIntClear)
                  000026cc    00000004     rtsv7M4_T_le_v4SPD16_eabi.lib : pre_init.c.obj (.text:_system_pre_init)
                  000026d0    00000004                                   : exit.c.obj (.text:abort:abort)
                  000026d4    00000002     driverlib.lib : interrupt.obj (.text:_IntDefaultHandler)

.const     0    000026d8    00000544     
                  000026d8    000001b0     lcd.obj (.const:g_pppui32XTALtoVCO)
                  00002888    000000d8     lcd.obj (.const:g_ppui32GPIOIntMapSnowflake)
                  00002960    000000c0     lcd.obj (.const:g_ppui32GPIOIntMapBlizzard)
                  00002a20    00000090     lcd.obj (.const:g_pui32GPIOBaseAddrs)
                  00002ab0    0000006c     lcd.obj (.const:g_pui32Xtals)
                  00002b1c    00000060     driverlib.lib : timer.obj (.const:g_ppui32TimerIntMap)
                  00002b7c    00000040                   : timer.obj (.const:g_ppui32TimerIntMapSnowflake)
                  00002bbc    00000030     lcd.obj (.const:g_sXTALtoMEMTIM)
                  00002bec    00000014     driverlib.lib : interrupt.obj (.const:g_pui32Dii16Regs)
                  00002c00    00000014                   : interrupt.obj (.const:g_pui32EnRegs)
                  00002c14    00000008     lcd.obj (.const:g_pui32VCOFrequencies)

.cinit     0    00002c20    00000030     
                  00002c20    0000000c     (__TI_handler_table)
                  00002c2c    00000004     --HOLE-- [fill = 0]
                  00002c30    00000008     (.cinit..vtable.load) [load image, compression = zero_init]
                  00002c38    00000007     (.cinit..data.load) [load image, compression = lzss]
                  00002c3f    00000001     --HOLE-- [fill = 0]
                  00002c40    00000010     (__TI_cinit_table)

.init_array 
*          0    00000000    00000000     UNINITIALIZED

.vtable    0    20000000    0000026c     UNINITIALIZED
                  20000000    0000026c     driverlib.lib : interrupt.obj (.vtable)

.data      0    20000470    0000000d     UNINITIALIZED
                  20000470    0000000d     main.obj (.data)

.stack     0    20000270    00000200     UNINITIALIZED
                  20000270    00000004     rtsv7M4_T_le_v4SPD16_eabi.lib : boot_cortex_m.c.obj (.stack)
                  20000274    000001fc     --HOLE--

__llvm_prf_cnts 
*          0    20000000    00000000     UNINITIALIZED

MODULE SUMMARY

       Module                         code   ro data   rw data
       ------                         ----   -------   -------
    .\
       lcd.obj                        7938   1148      0      
       tm4c123gh6pm_startup_ccs.obj   12     620       0      
       main.obj                       388    0         13     
    +--+------------------------------+------+---------+---------+
       Total:                         8338   1768      13     
                                                              
    C:/ti/TivaWare_C_Series-2.2.0.295/driverlib/ccs/Debug/driverlib.lib
       interrupt.obj                  298    40        620    
       timer.obj                      240    160       0      
       cpu.obj                        16     0         0      
    +--+------------------------------+------+---------+---------+
       Total:                         554    200       620    
                                                              
    C:\ti\ccs1280\ccs\tools\compiler\ti-cgt-arm_20.2.7.LTS\lib\rtsv7M4_T_le_v4SPD16_eabi.lib
       memcpy_t2.asm.obj              156    0         0      
       copy_decompress_lzss.c.obj     104    0         0      
       autoinit.c.obj                 68     0         0      
       boot_cortex_m.c.obj            52     0         0      
       copy_zero_init.c.obj           28     0         0      
       copy_decompress_none.c.obj     14     0         0      
       exit.c.obj                     4      0         0      
       pre_init.c.obj                 4      0         0      
    +--+------------------------------+------+---------+---------+
       Total:                         430    0         0      
                                                              
       Stack:                         0      0         512    
       Linker Generated:              0      43        0      
    +--+------------------------------+------+---------+---------+
       Grand Total:                   9322   2011      1145   


LINKER GENERATED COPY TABLES

__TI_cinit_table @ 00002c40 records: 2, size/record: 8, table size: 16
	.vtable: load addr=00002c30, load size=00000008 bytes, run addr=20000000, run size=0000026c bytes, compression=zero_init
	.data: load addr=00002c38, load size=00000007 bytes, run addr=20000470, run size=0000000d bytes, compression=lzss


LINKER GENERATED HANDLER TABLE

__TI_handler_table @ 00002c20 records: 3, size/record: 4, table size: 12
	index: 0, handler: __TI_zero_init
	index: 1, handler: __TI_decompress_lzss
	index: 2, handler: __TI_decompress_none


GLOBAL SYMBOLS: SORTED ALPHABETICALLY BY Name 

address   name                            
-------   ----                            
000026d1  C$$EXIT                         
0000269f  CPUcpsie                        
000026c5  CPUwfi                          
00000e31  GPIOADCTriggerDisable           
00000e13  GPIOADCTriggerEnable            
00000df5  GPIODMATriggerDisable           
00000dd7  GPIODMATriggerEnable            
00000327  GPIODirModeGet                  
000002cb  GPIODirModeSet                  
000008e1  GPIOIntClear                    
000008a5  GPIOIntDisable                  
00000881  GPIOIntEnable                   
000008f5  GPIOIntRegister                 
0000092d  GPIOIntRegisterPin              
000008bf  GPIOIntStatus                   
00000417  GPIOIntTypeGet                  
00000373  GPIOIntTypeSet                  
00000913  GPIOIntUnregister               
0000095b  GPIOIntUnregisterPin            
0000070f  GPIOPadConfigGet                
000004a1  GPIOPadConfigSet                
00000d79  GPIOPinConfigure                
0000097f  GPIOPinRead                     
000009b7  GPIOPinTypeADC                  
000009db  GPIOPinTypeCAN                  
000009ff  GPIOPinTypeComparator           
00000a23  GPIOPinTypeComparatorOutput     
00000a47  GPIOPinTypeDIVSCLK              
00000a6b  GPIOPinTypeEPI                  
00000a8f  GPIOPinTypeEthernetLED          
00000ab3  GPIOPinTypeEthernetMII          
00000ad7  GPIOPinTypeGPIOInput            
00000afb  GPIOPinTypeGPIOOutput           
00000b25  GPIOPinTypeGPIOOutputOD         
00000b49  GPIOPinTypeHibernateRTCCLK      
00000b6d  GPIOPinTypeI2C                  
00000b91  GPIOPinTypeI2CSCL               
00000bb5  GPIOPinTypeLCD                  
00000bd9  GPIOPinTypeOneWire              
00000bfd  GPIOPinTypePWM                  
00000c21  GPIOPinTypeQEI                  
00000c45  GPIOPinTypeSSI                  
00000c69  GPIOPinTypeTimer                
00000c8d  GPIOPinTypeTrace                
00000cb1  GPIOPinTypeUART                 
00000cd5  GPIOPinTypeUSBAnalog            
00000cf9  GPIOPinTypeUSBDigital           
00000d1d  GPIOPinTypeWakeHigh             
00000d43  GPIOPinTypeWakeLow              
00000d69  GPIOPinWakeStatus               
00000997  GPIOPinWrite                    
00000e4f  GPIOUnlockPin                   
00002389  IntDisable                      
000023f1  IntEnable                       
00002673  IntMasterEnable                 
000025b1  IntRegister                     
0000264d  IntUnregister                   
000020a1  LCDSaatYaz                      
0000207b  LCDTemizle                      
00002031  LCDgit                          
00001e9d  LCDilkayarlar                   
000026ab  ResetISR                        
00001db9  SysCtlAltClkConfig              
000014e5  SysCtlClockFreqSet              
000019ad  SysCtlClockGet                  
00001d9d  SysCtlClockOutConfig            
000017dd  SysCtlClockSet                  
000013e9  SysCtlDeepSleep                 
00001b6d  SysCtlDeepSleepClockConfigSet   
00001b4f  SysCtlDeepSleepClockSet         
000013c9  SysCtlDeepSleepPowerSet         
000026bf  SysCtlDelay                     
00000f6b  SysCtlFlashSectorSizeGet        
00000f3f  SysCtlFlashSizeGet              
00001c43  SysCtlGPIOAHBDisable            
00001c27  SysCtlGPIOAHBEnable             
0000135d  SysCtlIntClear                  
00001349  SysCtlIntDisable                
00001331  SysCtlIntEnable                 
0000130d  SysCtlIntRegister               
0000136d  SysCtlIntStatus                 
00001321  SysCtlIntUnregister             
000013af  SysCtlLDODeepSleepGet           
0000139f  SysCtlLDODeepSleepSet           
00001399  SysCtlLDOSleepGet               
00001389  SysCtlLDOSleepSet               
0000141f  SysCtlMOSCConfigSet             
00001d81  SysCtlNMIClear                  
00001d69  SysCtlNMIStatus                 
00001435  SysCtlPIOSCCalibrate            
00001c11  SysCtlPWMClockGet               
00001bf7  SysCtlPWMClockSet               
000012b5  SysCtlPeripheralClockGating     
00001271  SysCtlPeripheralDeepSleepDisable
0000121d  SysCtlPeripheralDeepSleepEnable 
00001159  SysCtlPeripheralDisable         
00001119  SysCtlPeripheralEnable          
0000104d  SysCtlPeripheralPowerOff        
00001011  SysCtlPeripheralPowerOn         
00000f91  SysCtlPeripheralPresent         
00000fd1  SysCtlPeripheralReady           
00001091  SysCtlPeripheralReset           
000011e1  SysCtlPeripheralSleepDisable    
0000119d  SysCtlPeripheralSleepEnable     
000013d9  SysCtlReset                     
00001495  SysCtlResetBehaviorGet          
00001485  SysCtlResetBehaviorSet          
0000140b  SysCtlResetCauseClear           
00001405  SysCtlResetCauseGet             
00000f35  SysCtlSRAMSizeGet               
000013e1  SysCtlSleep                     
000013b5  SysCtlSleepPowerSet             
00001c6b  SysCtlUSBPLLDisable             
00001c5f  SysCtlUSBPLLEnable              
00001cb1  SysCtlVCOGet                    
00001c99  SysCtlVoltageEventClear         
00001c7d  SysCtlVoltageEventConfig        
00001c8d  SysCtlVoltageEventStatus        
000024c1  TimerConfigure                  
00002683  TimerEnable                     
000026c9  TimerIntClear                   
000026b7  TimerIntEnable                  
00002635  TimerIntRegister                
00002661  TimerLoadSet                    
20000470  __STACK_END                     
00000200  __STACK_SIZE                    
20000470  __STACK_TOP                     
00002c40  __TI_CINIT_Base                 
00002c50  __TI_CINIT_Limit                
00002c20  __TI_Handler_Table_Base         
00002c2c  __TI_Handler_Table_Limit        
0000256d  __TI_auto_init_nobinit_nopinit  
00002459  __TI_decompress_lzss            
00002691  __TI_decompress_none            
ffffffff  __TI_pprof_out_hndl             
ffffffff  __TI_prof_data_size             
ffffffff  __TI_prof_data_start            
00000000  __TI_static_base__              
00002619  __TI_zero_init_nomemset         
000022ed  __aeabi_memcpy                  
000022ed  __aeabi_memcpy4                 
000022ed  __aeabi_memcpy8                 
ffffffff  __binit__                       
ffffffff  __c_args__                      
UNDEFED   __mpu_init                      
20000270  __stack                         
20000000  __start___llvm_prf_cnts         
20000000  __stop___llvm_prf_cnts          
000025e5  _c_int00_noargs                 
UNDEFED   _system_post_cinit              
000026cd  _system_pre_init                
000026d1  abort                           
ffffffff  binit                           
20000474  dakika                          
20000000  g_pfnRAMVectors                 
00000000  g_pfnVectors                    
00002169  kesme                           
00001f05  lcdfonksiyonayarla              
00001fa1  lcdkarakteryaz                  
00001e09  lcdkomut                        
000021bf  main                            
000022ed  memcpy                          
00001dc9  otuzhexgonder                   
20000478  saat                            
20000470  saniye                          
0000217b  saniyeyiArtir                   
2000047c  timerFlag                       


GLOBAL SYMBOLS: SORTED BY Symbol Address 

address   name                            
-------   ----                            
00000000  __TI_static_base__              
00000000  g_pfnVectors                    
00000200  __STACK_SIZE                    
000002cb  GPIODirModeSet                  
00000327  GPIODirModeGet                  
00000373  GPIOIntTypeSet                  
00000417  GPIOIntTypeGet                  
000004a1  GPIOPadConfigSet                
0000070f  GPIOPadConfigGet                
00000881  GPIOIntEnable                   
000008a5  GPIOIntDisable                  
000008bf  GPIOIntStatus                   
000008e1  GPIOIntClear                    
000008f5  GPIOIntRegister                 
00000913  GPIOIntUnregister               
0000092d  GPIOIntRegisterPin              
0000095b  GPIOIntUnregisterPin            
0000097f  GPIOPinRead                     
00000997  GPIOPinWrite                    
000009b7  GPIOPinTypeADC                  
000009db  GPIOPinTypeCAN                  
000009ff  GPIOPinTypeComparator           
00000a23  GPIOPinTypeComparatorOutput     
00000a47  GPIOPinTypeDIVSCLK              
00000a6b  GPIOPinTypeEPI                  
00000a8f  GPIOPinTypeEthernetLED          
00000ab3  GPIOPinTypeEthernetMII          
00000ad7  GPIOPinTypeGPIOInput            
00000afb  GPIOPinTypeGPIOOutput           
00000b25  GPIOPinTypeGPIOOutputOD         
00000b49  GPIOPinTypeHibernateRTCCLK      
00000b6d  GPIOPinTypeI2C                  
00000b91  GPIOPinTypeI2CSCL               
00000bb5  GPIOPinTypeLCD                  
00000bd9  GPIOPinTypeOneWire              
00000bfd  GPIOPinTypePWM                  
00000c21  GPIOPinTypeQEI                  
00000c45  GPIOPinTypeSSI                  
00000c69  GPIOPinTypeTimer                
00000c8d  GPIOPinTypeTrace                
00000cb1  GPIOPinTypeUART                 
00000cd5  GPIOPinTypeUSBAnalog            
00000cf9  GPIOPinTypeUSBDigital           
00000d1d  GPIOPinTypeWakeHigh             
00000d43  GPIOPinTypeWakeLow              
00000d69  GPIOPinWakeStatus               
00000d79  GPIOPinConfigure                
00000dd7  GPIODMATriggerEnable            
00000df5  GPIODMATriggerDisable           
00000e13  GPIOADCTriggerEnable            
00000e31  GPIOADCTriggerDisable           
00000e4f  GPIOUnlockPin                   
00000f35  SysCtlSRAMSizeGet               
00000f3f  SysCtlFlashSizeGet              
00000f6b  SysCtlFlashSectorSizeGet        
00000f91  SysCtlPeripheralPresent         
00000fd1  SysCtlPeripheralReady           
00001011  SysCtlPeripheralPowerOn         
0000104d  SysCtlPeripheralPowerOff        
00001091  SysCtlPeripheralReset           
00001119  SysCtlPeripheralEnable          
00001159  SysCtlPeripheralDisable         
0000119d  SysCtlPeripheralSleepEnable     
000011e1  SysCtlPeripheralSleepDisable    
0000121d  SysCtlPeripheralDeepSleepEnable 
00001271  SysCtlPeripheralDeepSleepDisable
000012b5  SysCtlPeripheralClockGating     
0000130d  SysCtlIntRegister               
00001321  SysCtlIntUnregister             
00001331  SysCtlIntEnable                 
00001349  SysCtlIntDisable                
0000135d  SysCtlIntClear                  
0000136d  SysCtlIntStatus                 
00001389  SysCtlLDOSleepSet               
00001399  SysCtlLDOSleepGet               
0000139f  SysCtlLDODeepSleepSet           
000013af  SysCtlLDODeepSleepGet           
000013b5  SysCtlSleepPowerSet             
000013c9  SysCtlDeepSleepPowerSet         
000013d9  SysCtlReset                     
000013e1  SysCtlSleep                     
000013e9  SysCtlDeepSleep                 
00001405  SysCtlResetCauseGet             
0000140b  SysCtlResetCauseClear           
0000141f  SysCtlMOSCConfigSet             
00001435  SysCtlPIOSCCalibrate            
00001485  SysCtlResetBehaviorSet          
00001495  SysCtlResetBehaviorGet          
000014e5  SysCtlClockFreqSet              
000017dd  SysCtlClockSet                  
000019ad  SysCtlClockGet                  
00001b4f  SysCtlDeepSleepClockSet         
00001b6d  SysCtlDeepSleepClockConfigSet   
00001bf7  SysCtlPWMClockSet               
00001c11  SysCtlPWMClockGet               
00001c27  SysCtlGPIOAHBEnable             
00001c43  SysCtlGPIOAHBDisable            
00001c5f  SysCtlUSBPLLEnable              
00001c6b  SysCtlUSBPLLDisable             
00001c7d  SysCtlVoltageEventConfig        
00001c8d  SysCtlVoltageEventStatus        
00001c99  SysCtlVoltageEventClear         
00001cb1  SysCtlVCOGet                    
00001d69  SysCtlNMIStatus                 
00001d81  SysCtlNMIClear                  
00001d9d  SysCtlClockOutConfig            
00001db9  SysCtlAltClkConfig              
00001dc9  otuzhexgonder                   
00001e09  lcdkomut                        
00001e9d  LCDilkayarlar                   
00001f05  lcdfonksiyonayarla              
00001fa1  lcdkarakteryaz                  
00002031  LCDgit                          
0000207b  LCDTemizle                      
000020a1  LCDSaatYaz                      
00002169  kesme                           
0000217b  saniyeyiArtir                   
000021bf  main                            
000022ed  __aeabi_memcpy                  
000022ed  __aeabi_memcpy4                 
000022ed  __aeabi_memcpy8                 
000022ed  memcpy                          
00002389  IntDisable                      
000023f1  IntEnable                       
00002459  __TI_decompress_lzss            
000024c1  TimerConfigure                  
0000256d  __TI_auto_init_nobinit_nopinit  
000025b1  IntRegister                     
000025e5  _c_int00_noargs                 
00002619  __TI_zero_init_nomemset         
00002635  TimerIntRegister                
0000264d  IntUnregister                   
00002661  TimerLoadSet                    
00002673  IntMasterEnable                 
00002683  TimerEnable                     
00002691  __TI_decompress_none            
0000269f  CPUcpsie                        
000026ab  ResetISR                        
000026b7  TimerIntEnable                  
000026bf  SysCtlDelay                     
000026c5  CPUwfi                          
000026c9  TimerIntClear                   
000026cd  _system_pre_init                
000026d1  C$$EXIT                         
000026d1  abort                           
00002c20  __TI_Handler_Table_Base         
00002c2c  __TI_Handler_Table_Limit        
00002c40  __TI_CINIT_Base                 
00002c50  __TI_CINIT_Limit                
20000000  __start___llvm_prf_cnts         
20000000  __stop___llvm_prf_cnts          
20000000  g_pfnRAMVectors                 
20000270  __stack                         
20000470  __STACK_END                     
20000470  __STACK_TOP                     
20000470  saniye                          
20000474  dakika                          
20000478  saat                            
2000047c  timerFlag                       
ffffffff  __TI_pprof_out_hndl             
ffffffff  __TI_prof_data_size             
ffffffff  __TI_prof_data_start            
ffffffff  __binit__                       
ffffffff  __c_args__                      
ffffffff  binit                           
UNDEFED   __mpu_init                      
UNDEFED   _system_post_cinit              

[167 symbols]
